68/300 OK sandwich-and-sub-store-franchises
69/300 OK sanitary-paper-product-manufacturing-in-the-us
70/300 OK satellite-tv-providers-in-the-us
71/300 OK satellite-telecommunications-providers-in-the-us
72/300 OK savings-banks-and-thrifts-in-the-us
73/300 OK sawmills-and-wood-production-in-the-us
74/300 OK scaffolding-contractors
75/300 OK scale-and-balance-manufacturing
[19s] 75 ok /75
76/300 OK scheduled-and-charter-bus-services-in-the-us
77/300 OK school-supplies-wholesaling
78/300 OK scientific-and-economic-consulting-in-the-us
79/300 OK scientific-research-and-development-in-the-us
80/300 OK scrap-metal-recycling
81/300 OK screw-nut-and-bolt-manufacturing-in-the-us
82/300 OK seafood-preparation-in-the-us
83/300 OK search-engines-in-the-us
84/300 OK seasoning-sauce-and-condiment-production-in-the-us
85/300 OK securities-brokering-in-the-us
86/300 OK security-alarm-services-in-the-us
87/300 OK security-guard-and-patrol-service-franchises
88/300 OK security-services-in-the-us
89/300 OK security-software-publishing-in-the-us
90/300 OK semiconductor-and-circuit-manufacturing-in-the-us
91/300 OK semiconductor-machinery-manufacturing-in-the-us
92/300 OK septic-drain-and-sewer-cleaning-services
93/300 OK serviced-office-leasing
94/300 OK settlement-funding-companies
95/300 OK sewage-treatment-facilities-in-the-us
96/300 OK sewer-and-pipeline-rehabilitation
97/300 OK shaving-razor-manufacturing
98/300 OK sheep-farming-in-the-us
99/300 OK sheet-metal-window-and-door-manufacturing-in-the-us
100/300 OK sheet-music-publishers
[81s] 100 ok /100
101/300 OK sheet-metal-roofing-manufacturing
102/300 OK ship-building-in-the-us
103/300 OK shipping-container-manufacturing-in-the-us
104/300 OK shoe-and-footwear-manufacturing-in-the-us
105/300 OK shoe-repair-in-the-us
106/300 OK shooting-ranges
107/300 OK shopping-mall-management
108/300 OK shortline-railroad-operation
109/300 OK sightseeing-transportation-in-the-us
110/300 OK sign-and-banner-manufacturing-franchises
111/300 OK single-location-full-service-restaurants-in-the-us
112/300 OK ski-and-snowboard-rental
113/300 OK ski-and-snowboard-resorts-in-the-us
114/300 OK sleep-disorder-clinics
115/300 OK small-specialty-retail-stores-in-the-us
116/300 OK smart-meter-manufacturing
117/300 OK smart-thermostat-manufacturing-in-the-us
118/300 OK smartphone-app-developers
119/300 OK snack-food-production-in-the-us
120/300 OK snowplow-manufacturing
121/300 OK snowplowing-services
122/300 OK soap-and-cleaning-compound-manufacturing-in-the-us
123/300 OK social-network-game-development
124/300 OK social-networking-sites
125/300 OK soda-production-in-the-us
[135s] 125 ok /125
126/300 OK soft-drink-baked-goods-and-other-grocery-wholesaling-in-the-us
127/300 OK software-testing-services
128/300 OK solar-farm-developers
129/300 OK solar-panel-installation
130/300 OK solar-panel-manufacturing-in-the-us
131/300 OK solar-water-heater-installation
132/300 OK soy-and-almond-milk-production
133/300 OK soybean-farming-in-the-us
134/300 OK space-vehicle-and-missile-manufacturing-in-the-us
135/300 OK specialist-doctors-in-the-us
136/300 OK specialized-storage-and-warehousing-in-the-us
137/300 OK specialty-food-stores-in-the-us
138/300 OK specialty-hospitals-in-the-us
139/300 OK speech-and-voice-recognition-software-developers
140/300 OK speech-language-pathologists
141/300 OK sporting-goods-wholesaling-in-the-us
142/300 OK sports-and-athletic-field-construction
143/300 OK sports-coaching-in-the-us
144/300 OK sports-franchises-in-the-us
145/300 OK sports-medicine-practitioners
146/300 OK sports-stadium-construction
147/300 OK steam-and-air-conditioning-supply-in-the-us
148/300 OK steel-framing-in-the-us
149/300 OK steel-rolling-and-drawing-in-the-us
150/300 OK steel-wire-drawing
151/300 OK stenographic-services
152/300 OK stevedoring-and-marine-cargo-handling-in-the-us
153/300 OK stock-and-broth-production
154/300 OK stock-and-commodity-exchanges-in-the-us
155/300 OK stone-mining-in-the-us
156/300 OK stone-concrete-and-clay-wholesaling-in-the-us
157/300 OK storage-and-warehouse-leasing-in-the-us
158/300 OK street-cleaning-services
159/300 OK street-vendors-in-the-us
160/300 OK strip-clubs
161/300 OK structural-metal-product-manufacturing-in-the-us
162/300 OK subprime-auto-loans
163/300 OK sugar-processing-in-the-us
164/300 OK sugarcane-harvesting-in-the-us
165/300 OK summer-camps
166/300 OK sunglasses-stores
167/300 OK sunscreen-manufacturing
168/300 OK supermarkets-and-grocery-stores-in-the-us
169/300 OK supply-chain-management-services
170/300 OK surgical-apparel-manufacturing
171/300 OK surgical-instrument-manufacturing
172/300 OK surveying-and-mapping-services-in-the-us
173/300 OK sushi-restaurants
174/300 OK sustainable-building-material-manufacturing-in-the-us
175/300 OK swimming-pool-cleaning-services
176/300 OK swimming-pool-construction-in-the-us
177/300 OK swimming-pool-equipment-stores
178/300 OK swimming-pools
179/300 OK synthetic-fiber-manufacturing-in-the-us
180/300 OK syringes-and-injection-needle-manufacturing
181/300 OK syrup-and-flavoring-production-in-the-us
182/300 OK tv-and-appliance-wholesaling-in-the-us
183/300 OK table-salt-production
184/300 OK tactical-and-service-clothing-manufacturing
185/300 OK tank-and-armored-vehicle-manufacturing-in-the-us
186/300 OK tank-and-refrigeration-trucking-in-the-us
