187/300 OK tanning-salons-in-the-us
188/300 OK tattoo-artists
189/300 OK tax-preparation-services-in-the-us
190/300 OK tax-preparation-software-developers
191/300 OK taxi-and-limousine-services-in-the-us
192/300 OK tea-production-in-the-us
193/300 OK telecommunication-networking-equipment-manufacturing-in-the-us
194/300 OK telecommunications-resellers-in-the-us
195/300 OK telehealth-services
196/300 OK telemarketing-and-call-centers-in-the-us
197/300 OK television-broadcasting-in-the-us
198/300 OK television-production-in-the-us
199/300 OK tent-awning-and-canvas-manufacturing
200/300 OK testing-and-educational-support-in-the-us
201/300 OK textile-mills-in-the-us
202/300 OK the-retail-market-for-audio-equipment
203/300 OK the-retail-market-for-auto-tires
204/300 OK the-retail-market-for-coffee
205/300 OK the-retail-market-for-headphones
206/300 OK the-retail-market-for-home-furniture-and-bedding
207/300 OK the-retail-market-for-jewelry
208/300 OK the-retail-market-for-laptop-computers
209/300 OK the-retail-market-for-musical-instruments
210/300 OK the-retail-market-for-outdoor-furniture
211/300 OK the-retail-market-for-seasonal-decorations
212/300 OK the-retail-market-for-shoes
213/300 OK the-retail-market-for-smartphones
214/300 OK the-retail-market-for-stationery-products
215/300 OK the-retail-market-for-toys
216/300 OK thermometer-manufacturing
217/300 OK third-party-administrators-and-insurance-claims-adjusters-in-the-us
218/300 OK third-party-logistics
219/300 OK thrift-stores
220/300 OK tile-and-marble-stores
221/300 OK tile-installers-in-the-us
222/300 OK timber-services-in-the-us
223/300 OK tire-and-rubber-recycling
224/300 OK tire-dealers-in-the-us
225/300 OK tire-manufacturing-in-the-us
226/300 OK tire-retreading-and-recapping
227/300 OK tire-wholesaling-in-the-us
228/300 OK title-insurance
229/300 OK tobacco-growing-in-the-us
230/300 OK tobacconists
231/300 OK toll-road-operation
232/300 OK toll-roads-and-weigh-stations-in-the-us
233/300 OK tool-and-equipment-rental-in-the-us
234/300 OK tool-and-hardware-wholesaling-in-the-us
235/300 OK tortilla-production-in-the-us
236/300 OK tour-operators-in-the-us
237/300 OK tourism-in-the-us
238/300 OK toxicology-laboratories
239/300 OK toy-and-craft-supplies-wholesaling-in-the-us
240/300 OK toy-doll-and-game-manufacturing-in-the-us
241/300 OK tractors-and-agricultural-machinery-manufacturing-in-the-us
