242/300 OK trade-and-technical-schools-in-the-us
243/300 OK trade-show-and-conference-planning-in-the-us
244/300 OK trademark-and-patent-lawyers-and-attorneys
245/300 OK train-subway-and-transit-car-manufacturing-in-the-us
246/300 OK translation-services-in-the-us
247/300 OK transmission-line-construction-in-the-us
248/300 OK transportation-and-warehousing-in-the-us
249/300 OK travel-agencies-in-the-us
250/300 OK travel-insurance
251/300 OK tree-and-shrub-farming
252/300 OK tree-trimming-services
253/300 OK trial-consultants
254/300 OK truck-and-bus-manufacturing-in-the-us
255/300 OK truck-dealers
256/300 OK truck-rental-in-the-us
257/300 OK truck-repair
258/300 OK truck-trailer-dealers
259/300 OK truck-trailer-manufacturing
260/300 OK truck-trailer-and-motor-home-manufacturing-in-the-us
261/300 OK truck-mounted-crane-manufacturing
262/300 OK trusts-and-estates-in-the-us
263/300 OK tugboat-and-shipping-navigational-services-in-the-us
264/300 OK tunnel-construction
265/300 OK turbocharger-manufacturing
266/300 OK tutoring-and-driving-schools-in-the-us
267/300 OK tutoring-and-test-preparation-franchises
268/300 OK ultrasonic-cleaning-equipment-manufacturing
269/300 OK unmanned-aerial-vehicle-uav-manufacturing
270/300 OK urban-planning-software
271/300 OK urethane-foam-manufacturing-in-the-us
272/300 OK urgent-care-centers
273/300 OK used-car-dealers-in-the-us
274/300 OK used-car-parts-wholesaling-in-the-us
275/300 OK used-goods-stores-in-the-us
276/300 OK utilities-in-the-us
277/300 OK vacuum-fan-and-small-household-appliance-manufacturing-in-the-us
278/300 OK valve-manufacturing-in-the-us
279/300 OK variable-message-signage-manufacturing
280/300 OK vegetable-farming-in-the-us
281/300 OK vehicle-shipping-services
282/300 OK venous-access-device-manufacturing
283/300 OK venture-capital-and-principal-trading-in-the-us
284/300 OK veterinary-laboratory-testing-services
285/300 OK veterinary-services-in-the-us
286/300 OK video-game-software-publishing-in-the-us
287/300 OK video-games-in-the-us
288/300 OK video-streaming-services-in-the-us
289/300 OK virtual-data-rooms
290/300 OK vision-insurance
291/300 OK vitamin-and-supplement-manufacturing-in-the-us
292/300 OK voip-in-the-us
293/300 OK vodka-distilleries
294/300 OK walk-in-and-cabinet-cooler-manufacturing
295/300 OK warehouse-clubs-and-supercenters-in-the-us
296/300 OK washer-and-dryer-manufacturing
297/300 OK waste-collection-services-in-the-us
298/300 OK waste-treatment-and-disposal-services-in-the-us
299/300 OK watch-and-jewelry-repair
300/300 OK water-and-air-quality-testing-services
